<?xml version="1.0" encoding="UTF-8"?>
<testsuites name="jest tests" tests="2" failures="0" time="2.831">
  <testsuite name="undefined" errors="0" failures="0" skipped="0" timestamp="2020-09-29T06:26:41" time="1.523" tests="2">
    <testcase classname=" Fake Test" name=" Fake Test" time="0.016">
    </testcase>
    <testcase classname="Pruebas para App/server get /" name="Pruebas para App/server get /" time="0.074">
    </testcase>
  </testsuite>
</testsuites>